// Vitest Snapshot v1, https://vitest.dev/guide/snapshot.html

exports[`regex > trailing slash should exact match case 0 1`] = `
[
  [
    "bg-red-500",
  ],
  [
    "bg-red-500",
  ],
]
`;

exports[`regex > trailing slash should exact match case 1 1`] = `
[
  [
    "bg-red-500",
  ],
]
`;

exports[`regex > trailing slash should exact match case 2 1`] = `
[
  [
    "bg-red-500",
  ],
  [
    "bg-red-500",
  ],
]
`;

exports[`regex > z-10 regex 1`] = `
[
  [
    "z-10",
  ],
]
`;
