// Vitest Snapshot v1, https://vitest.dev/guide/snapshot.html

exports[`babel plugin > tsx app0 1`] = `
"import { useState } from 'react'
import reactLogo from './assets/react.svg'

import './App.css'

function App() {
  const [count, setCount] = useState(0)

  return (
    <main className=\\"flex tw-fb tw-zb tw-cb tw-ra tw-nc\\">
      <div className=\\"tw-sc tw-hc tw-vb tw-cb tw-ra tw-pb tw-dc tw-bc\\">
        <p className=\\"fixed tw-ec tw-kc flex tw-hc tw-va tw-xb tw-pa tw-ja tw-za tw-oc tw-pc tw-ca tw-l tw-v tw-ea tw-tb tw-ub  tw-ab tw-rb tw-wa tw-gc lg:tw-v\\">
          Get started by editing&nbsp;
          <code className=\\"tw-pb tw-ob\\">pages/index.tsx</code>
        </p>
        <div className=\\"fixed tw-yb tw-ec flex tw-lc tw-hc tw-qb tw-va tw-ka tw-jb tw-wb tw-qa tw-ua tw-tb tw-sb tw-ub tw-kb\\">
          <a
            className=\\"tw-w flex tw-ba tw-ic tw-uc tw-n tw-fc\\"
            href=\\"https://vercel.com?utm_source=create-next-app&utm_medium=default-template-tw&utm_campaign=create-next-app\\"
            target=\\"_blank\\"
            rel=\\"noopener noreferrer\\"
          >
            By <img src=\\"/vite.svg\\" alt=\\"Vercel Logo\\" className=\\"tw-hb\\" width={100} height={24} />
          </a>
        </div>
      </div>

      <div className=\\"relative flex tw-ba tw-na tw-ha tw-ia tw-k tw-u before:bg-gradient-radial tw-da tw-p tw-oa tw-s tw-sa tw-gb tw-la tw-ma tw-o after:bg-gradient-conic tw-y tw-z tw-ta tw-x tw-b tw-d tw-h tw-j tw-g tw-t\\">
        <img className=\\"relative tw-a tw-hb\\" src={reactLogo} alt=\\"Next.js Logo\\" width={180} height={37} />
      </div>

      <div className=\\"tw-jc grid tw-ib tw-cc tw-xa tw-db\\">
        <a
          href=\\"https://nextjs.org/docs?utm_source=create-next-app&utm_medium=default-template-tw&utm_campaign=create-next-app\\"
          className=\\"group tw-mb border tw-aa tw-qc tw-rc tw-ga tw-q tw-fa tw-c tw-e\\"
          target=\\"_blank\\"
          rel=\\"noopener noreferrer\\"
        >
          <h2 className={\`  tw-mc tw-ac tw-yad\`}>
            Docs <span className=\\"tw-bb tw-r tw-i tw-f\\">-&gt;</span>
          </h2>
          <p className={\`  tw-tc tw-eb tw-dc tw-lb0\`}>Find in-depth information about Next.js features and API.</p>
        </a>

        <a
          href=\\"https://nextjs.org/learn?utm_source=create-next-app&utm_medium=default-template-tw&utm_campaign=create-next-app\\"
          className=\\"group tw-mb border tw-aa tw-qc tw-rc tw-ga tw-q tw-fa tw-c tw-e\\"
          target=\\"_blank\\"
          rel=\\"noopener noreferrer\\"
        >
          <h2 className={\`  tw-mc tw-ac tw-yad\`}>
            Learn <span className=\\"tw-bb tw-r tw-i tw-f\\">-&gt;</span>
          </h2>
          <p className={\`  tw-tc tw-eb tw-dc tw-lb0\`}>Learn about Next.js in an interactive course with&nbsp;quizzes!</p>
        </a>

        <a
          href=\\"https://vercel.com/templates?framework=next.js&utm_source=create-next-app&utm_medium=default-template-tw&utm_campaign=create-next-app\\"
          className=\\"group tw-mb border tw-aa tw-qc tw-rc tw-ga tw-q tw-fa tw-c tw-e\\"
          target=\\"_blank\\"
          rel=\\"noopener noreferrer\\"
        >
          <h2 className={\`  tw-mc tw-ac tw-yad\`}>
            Templates <span className=\\"tw-bb tw-r tw-i tw-f\\">-&gt;</span>
          </h2>
          <p className={\`  tw-tc tw-eb tw-dc tw-lb0\`}>Discover and deploy boilerplate example Next.js&nbsp;projects.</p>
        </a>

        <a
          href=\\"https://vercel.com/new?utm_source=create-next-app&utm_medium=default-template-tw&utm_campaign=create-next-app\\"
          className=\\"group tw-mb border tw-aa tw-qc tw-rc tw-ga tw-q tw-fa tw-c tw-e\\"
          target=\\"_blank\\"
          rel=\\"noopener noreferrer\\"
        >
          <h2 className={\`  tw-mc tw-ac tw-yad\`}>
            Deploy <span className=\\"tw-bb tw-r tw-i tw-f\\">-&gt;</span>
          </h2>
          <p className={\`  tw-tc tw-eb tw-dc tw-lb0\`}>Instantly deploy your Next.js site to a shareable URL with Vercel.</p>
        </a>
      </div>
    </main>
  )
}

export default App"
`;
