// Vitest Snapshot v1, https://vitest.dev/guide/snapshot.html

exports[`fallback > ac 1`] = `
[
  [
    "dark:drop-shadow-[0_0_0.3rem_#ffffff70]",
    [
      [
        1855,
        1894,
      ],
    ],
  ],
  [
    "before:dark:bg-gradient-to-br",
    [
      [
        1668,
        1697,
      ],
    ],
  ],
  [
    "hover:dark:border-neutral-700",
    [
      [
        2325,
        2354,
      ],
      [
        3035,
        3064,
      ],
      [
        3774,
        3803,
      ],
      [
        4492,
        4521,
      ],
    ],
  ],
  [
    "before:dark:from-transparent",
    [
      [
        1698,
        1726,
      ],
    ],
  ],
  [
    "hover:dark:bg-neutral-800/30",
    [
      [
        2355,
        2383,
      ],
      [
        3065,
        3093,
      ],
      [
        3804,
        3832,
      ],
      [
        4522,
        4550,
      ],
    ],
  ],
  [
    "motion-reduce:transform-none",
    [
      [
        2585,
        2613,
      ],
      [
        3296,
        3324,
      ],
      [
        4039,
        4067,
      ],
      [
        4754,
        4782,
      ],
    ],
  ],
  [
    "after:dark:via-[#0141ff]/40",
    [
      [
        1778,
        1805,
      ],
    ],
  ],
  [
    "before:dark:to-blue-700/10",
    [
      [
        1727,
        1753,
      ],
    ],
  ],
  [
    "group-hover:translate-x-1",
    [
      [
        2559,
        2584,
      ],
      [
        3270,
        3295,
      ],
      [
        4013,
        4038,
      ],
      [
        4728,
        4753,
      ],
    ],
  ],
  [
    "dark:border-neutral-800",
    [
      [
        338,
        361,
      ],
    ],
  ],
  [
    "before:-translate-x-1/2",
    [
      [
        1345,
        1368,
      ],
    ],
  ],
  [
    "after:dark:from-sky-900",
    [
      [
        1754,
        1777,
      ],
    ],
  ],
  [
    "lg:dark:bg-zinc-800/30",
    [
      [
        467,
        489,
      ],
    ],
  ],
  [
    "lg:pointer-events-auto",
    [
      [
        879,
        901,
      ],
    ],
  ],
  [
    "before:to-transparent",
    [
      [
        1433,
        1454,
      ],
    ],
  ],
  [
    "after:translate-x-1/3",
    [
      [
        1550,
        1571,
      ],
    ],
  ],
  [
    "hover:border-gray-300",
    [
      [
        2285,
        2306,
      ],
      [
        2995,
        3016,
      ],
      [
        3734,
        3755,
      ],
      [
        4452,
        4473,
      ],
    ],
  ],
  [
    "transition-transform",
    [
      [
        2538,
        2558,
      ],
      [
        3249,
        3269,
      ],
      [
        3992,
        4012,
      ],
      [
        4707,
        4727,
      ],
    ],
  ],
  [
    "dark:bg-zinc-800/30",
    [
      [
        362,
        381,
      ],
      [
        470,
        489,
      ],
    ],
  ],
  [
    "pointer-events-none",
    [
      [
        825,
        844,
      ],
    ],
  ],
  [
    "before:rounded-full",
    [
      [
        1369,
        1388,
      ],
    ],
  ],
  [
    "before:content-['']",
    [
      [
        1471,
        1490,
      ],
    ],
  ],
  [
    "before:lg:h-[360px]",
    [
      [
        1806,
        1825,
      ],
    ],
  ],
  [
    "place-items-center",
    [
      [
        850,
        868,
      ],
      [
        1276,
        1294,
      ],
    ],
  ],
  [
    "after:from-sky-200",
    [
      [
        1596,
        1614,
      ],
    ],
  ],
  [
    "after:via-blue-200",
    [
      [
        1615,
        1633,
      ],
    ],
  ],
  [
    "after:content-['']",
    [
      [
        1649,
        1667,
      ],
    ],
  ],
  [
    "border-transparent",
    [
      [
        2238,
        2256,
      ],
      [
        2948,
        2966,
      ],
      [
        3687,
        3705,
      ],
      [
        4405,
        4423,
      ],
    ],
  ],
  [
    "backdrop-blur-2xl",
    [
      [
        320,
        337,
      ],
    ],
  ],
  [
    "dark:from-inherit",
    [
      [
        382,
        399,
      ],
    ],
  ],
  [
    "before:from-white",
    [
      [
        1415,
        1432,
      ],
    ],
  ],
  [
    "transition-colors",
    [
      [
        2267,
        2284,
      ],
      [
        2977,
        2994,
      ],
      [
        3716,
        3733,
      ],
      [
        4434,
        4451,
      ],
    ],
  ],
  [
    "hover:bg-gray-100",
    [
      [
        2307,
        2324,
      ],
      [
        3017,
        3034,
      ],
      [
        3756,
        3773,
      ],
      [
        4474,
        4491,
      ],
    ],
  ],
  [
    "bg-gradient-to-b",
    [
      [
        279,
        295,
      ],
      [
        1680,
        1696,
      ],
    ],
  ],
  [
    "bg-gradient-to-t",
    [
      [
        695,
        711,
      ],
    ],
  ],
  [
    "before:h-[300px]",
    [
      [
        1311,
        1327,
      ],
    ],
  ],
  [
    "before:w-[480px]",
    [
      [
        1328,
        1344,
      ],
    ],
  ],
  [
    "justify-between",
    [
      [
        66,
        81,
      ],
      [
        140,
        155,
      ],
    ],
  ],
  [
    "border-gray-300",
    [
      [
        263,
        278,
      ],
      [
        2291,
        2306,
      ],
      [
        3001,
        3016,
      ],
      [
        3740,
        3755,
      ],
      [
        4458,
        4473,
      ],
    ],
  ],
  [
    "dark:from-black",
    [
      [
        733,
        748,
      ],
    ],
  ],
  [
    "before:absolute",
    [
      [
        1295,
        1310,
      ],
    ],
  ],
  [
    "before:blur-2xl",
    [
      [
        1455,
        1470,
      ],
    ],
  ],
  [
    "after:h-[180px]",
    [
      [
        1518,
        1533,
      ],
    ],
  ],
  [
    "after:w-[240px]",
    [
      [
        1534,
        1549,
      ],
    ],
  ],
  [
    "justify-center",
    [
      [
        239,
        253,
      ],
      [
        680,
        694,
      ],
    ],
  ],
  [
    "lg:bg-gray-200",
    [
      [
        445,
        459,
      ],
    ],
  ],
  [
    "dark:via-black",
    [
      [
        749,
        763,
      ],
    ],
  ],
  [
    "after:absolute",
    [
      [
        1491,
        1505,
      ],
    ],
  ],
  [
    "after:blur-2xl",
    [
      [
        1634,
        1648,
      ],
    ],
  ],
  [
    "lg:grid-cols-4",
    [
      [
        2042,
        2056,
      ],
    ],
  ],
  [
    "from-zinc-200",
    [
      [
        296,
        309,
      ],
    ],
  ],
  [
    "lg:rounded-xl",
    [
      [
        421,
        434,
      ],
    ],
  ],
  [
    "font-semibold",
    [
      [
        2469,
        2482,
      ],
      [
        3179,
        3192,
      ],
      [
        3918,
        3931,
      ],
      [
        4636,
        4649,
      ],
    ],
  ],
  [
    "min-h-screen",
    [
      [
        31,
        43,
      ],
    ],
  ],
  [
    "items-center",
    [
      [
        53,
        65,
      ],
      [
        127,
        139,
      ],
      [
        856,
        868,
      ],
      [
        1282,
        1294,
      ],
    ],
  ],
  [
    "lg:text-left",
    [
      [
        2057,
        2069,
      ],
    ],
  ],
  [
    "inline-block",
    [
      [
        2525,
        2537,
      ],
      [
        3236,
        3248,
      ],
      [
        3979,
        3991,
      ],
      [
        4694,
        4706,
      ],
    ],
  ],
  [
    "max-w-[30ch]",
    [
      [
        2664,
        2676,
      ],
      [
        3375,
        3387,
      ],
      [
        4118,
        4130,
      ],
      [
        4833,
        4845,
      ],
    ],
  ],
  [
    "dark:invert",
    [
      [
        1177,
        1188,
      ],
      [
        1895,
        1906,
      ],
    ],
  ],
  [
    "after:-z-20",
    [
      [
        1506,
        1517,
      ],
    ],
  ],
  [
    "text-center",
    [
      [
        2022,
        2033,
      ],
    ],
  ],
  [
    "from-white",
    [
      [
        712,
        722,
      ],
      [
        1422,
        1432,
      ],
    ],
  ],
  [
    "lg:bg-none",
    [
      [
        794,
        804,
      ],
    ],
  ],
  [
    "rounded-lg",
    [
      [
        2220,
        2230,
      ],
      [
        2930,
        2940,
      ],
      [
        3669,
        3679,
      ],
      [
        4387,
        4397,
      ],
    ],
  ],
  [
    "opacity-50",
    [
      [
        2685,
        2695,
      ],
      [
        3396,
        3406,
      ],
      [
        4139,
        4149,
      ],
      [
        4854,
        4864,
      ],
    ],
  ],
  [
    "max-w-5xl",
    [
      [
        117,
        126,
      ],
    ],
  ],
  [
    "font-mono",
    [
      [
        156,
        165,
      ],
      [
        550,
        559,
      ],
    ],
  ],
  [
    "lg:static",
    [
      [
        400,
        409,
      ],
      [
        764,
        773,
      ],
    ],
  ],
  [
    "lg:w-auto",
    [
      [
        410,
        419,
      ],
      [
        784,
        793,
      ],
    ],
  ],
  [
    "lg:border",
    [
      [
        435,
        444,
      ],
    ],
  ],
  [
    "font-bold",
    [
      [
        560,
        569,
      ],
    ],
  ],
  [
    "items-end",
    [
      [
        670,
        679,
      ],
    ],
  ],
  [
    "via-white",
    [
      [
        723,
        732,
      ],
    ],
  ],
  [
    "lg:h-auto",
    [
      [
        774,
        783,
      ],
    ],
  ],
  [
    "flex-col",
    [
      [
        44,
        52,
      ],
    ],
  ],
  [
    "border-b",
    [
      [
        254,
        262,
      ],
    ],
  ],
  [
    "bottom-0",
    [
      [
        637,
        645,
      ],
    ],
  ],
  [
    "text-2xl",
    [
      [
        2460,
        2468,
      ],
      [
        3170,
        3178,
      ],
      [
        3909,
        3917,
      ],
      [
        4627,
        4635,
      ],
    ],
  ],
  [
    "text-sm",
    [
      [
        166,
        173,
      ],
      [
        2677,
        2684,
      ],
      [
        3388,
        3395,
      ],
      [
        4131,
        4138,
      ],
      [
        4846,
        4853,
      ],
    ],
  ],
  [
    "lg:flex",
    [
      [
        174,
        181,
      ],
    ],
  ],
  [
    "lg:mb-0",
    [
      [
        2034,
        2041,
      ],
    ],
  ],
  [
    "w-full",
    [
      [
        110,
        116,
      ],
      [
        232,
        238,
      ],
      [
        663,
        669,
      ],
    ],
  ],
  [
    "left-0",
    [
      [
        214,
        220,
      ],
      [
        646,
        652,
      ],
    ],
  ],
  [
    "lg:p-4",
    [
      [
        460,
        466,
      ],
    ],
  ],
  [
    "lg:p-0",
    [
      [
        902,
        908,
      ],
    ],
  ],
  [
    "top-0",
    [
      [
        221,
        226,
      ],
    ],
  ],
  [
    "gap-2",
    [
      [
        869,
        874,
      ],
    ],
  ],
  [
    "mb-32",
    [
      [
        2011,
        2016,
      ],
    ],
  ],
  [
    "p-24",
    [
      [
        82,
        86,
      ],
    ],
  ],
  [
    "z-10",
    [
      [
        105,
        109,
      ],
    ],
  ],
  [
    "pb-6",
    [
      [
        310,
        314,
      ],
    ],
  ],
  [
    "pt-8",
    [
      [
        315,
        319,
      ],
    ],
  ],
  [
    "h-48",
    [
      [
        658,
        662,
      ],
    ],
  ],
  [
    "mb-3",
    [
      [
        2011,
        2015,
      ],
      [
        2455,
        2459,
      ],
      [
        3165,
        3169,
      ],
      [
        3904,
        3908,
      ],
      [
        4622,
        4626,
      ],
    ],
  ],
  [
    "px-5",
    [
      [
        2257,
        2261,
      ],
      [
        2967,
        2971,
      ],
      [
        3706,
        3710,
      ],
      [
        4424,
        4428,
      ],
    ],
  ],
  [
    "py-4",
    [
      [
        2262,
        2266,
      ],
      [
        2972,
        2976,
      ],
      [
        3711,
        3715,
      ],
      [
        4429,
        4433,
      ],
    ],
  ],
  [
    "m-0",
    [
      [
        642,
        645,
      ],
      [
        2660,
        2663,
      ],
      [
        3371,
        3374,
      ],
      [
        4114,
        4117,
      ],
      [
        4829,
        4832,
      ],
    ],
  ],
  [
    "p-8",
    [
      [
        875,
        878,
      ],
    ],
  ],
]
`;
