// Vitest Snapshot v1, https://vitest.dev/guide/snapshot.html

exports[`defaults > getDefaultPatchOptions 1`] = `
{
  "overwrite": true,
}
`;

exports[`defaults > getDefaultUserConfig 1`] = `
{
  "filename": ".tw-patch/tw-class-list.json",
  "loose": true,
  "removeUniversalSelector": true,
}
`;
