// Vitest Snapshot v1, https://vitest.dev/guide/snapshot.html

exports[`patcher > getInstalledPkgJsonPath common options 1`] = `"node_modules/tailwindcss/package.json"`;
